100121
36169
81778
59070
11176
76295
153766
247272
187934
33588
75662
9449
15248
268906
155057
122489
124020
243356
210428
70805
4651
11034
98592
144976
267694
24981
54191
115398
234193
12907
94504
138832
175560
167250
68753
31610
47679
63684
68206
223922
25949
231310
56283
44749
71556
116974
165945
215452
23284
600
195375
241067
75903
297489
126094
178021
37271
20626
103513
95840
62349
24680
164216
18822
176458
68102
39244
11903
13622
136745
13637
55320
292916
5541
41534
210254
19068
76252
126172
80434
81271
83584
2114
4818
220009
38604
51195
211142
106638
119495
79020
47641
92228
128445
136622
20842
11524
63640
80344
149145
89383
1064
90818
43650
